V1 136
AR work/REGFILE/SCHEMATIC FL E:/proj3/project3test1/regfile.vhf EN work/REGFILE \
      CP AND2           CP BUXMUX16       CP D3_8E_MXILINX  CP FD16CE_MXILINX \
      CP GND
EN work/NEGATIVE_DETECT FL E:/proj3/project3test/negative_detect.vhd \
      PB ieee/STD_LOGIC_1164 PB ieee/STD_LOGIC_ARITH PB ieee/STD_LOGIC_UNSIGNED
AR work/ADD/SCHEMATIC   FL E:/proj3/project3test/add.vhf EN work/ADD \
      CP ADSU16_MXILINX CP AND4           CP INV            CP INV16_MXILINX \
      CP MUX2_16BITS    CP MUX4_16BITS_NEW CP NEGATIVE_DETECT CP OF_DETECT \
      CP ONE_BUS        CP OR2            CP XOR2           CP ZEROBUS
AR work/ADSU16_MXILINX/SCHEMATIC FL E:/proj3/project3test/add.vhf \
      EN work/ADSU16_MXILINX CP FMAP      CP INV            CP MUXCY          CP MUXCY_D \
      CP MUXCY_L        CP XOR2           CP XOR3           CP XORCY
FL E:/proj3/project3test/project2.vhf 2004/07/28.15:20:14
AR work/CONTROL_UNIT/BEHAVIORAL FL E:/proj3/project3test/control_module.vhd \
      EN work/CONTROL_UNIT
EN work/CTRLUNIT        FL E:/proj3/project3test1/CtrlUnit.vhd \
      PB ieee/STD_LOGIC_1164 PB ieee/STD_LOGIC_ARITH PB ieee/STD_LOGIC_UNSIGNED
EN work/SRAMINTERFACEWITHPPORT \
      FL E:/proj3/project3test1/sraminterfacewithpport-sv01.vhd \
      PB ieee/STD_LOGIC_1164
EN work/SRAMINTERFACE \
      FL E:/proj3/project3test1/sram512kleft16bit50mhzreadreq-sv05.vhd \
      PB ieee/STD_LOGIC_1164
AR work/ALU/SCHEMATIC   FL E:/proj3/project3test/alu.vhf EN work/ALU CP ADD \
      CP AND2           CP CONTROL_UNIT   CP LOGICAL        CP MUX_FOUR \
      CP OF_ENABLE      CP OR2            CP SHIFT          CP ZERO_DETECT
EN work/PCTOSRAMINTERFACE FL E:/proj3/project3test1/pctosraminterface-sv06.vhd \
      PB ieee/STD_LOGIC_1164 PB ieee/STD_LOGIC_UNSIGNED
EN work/ADD             FL E:/proj3/project3test/add.vhf PB ieee/STD_LOGIC_1164 \
      PB ieee/NUMERIC_STD PH unisim/VCOMPONENTS
FL E:/proj3/project3test/memoryread.vhd 2004/07/24.16:01:30
FL E:/proj3/project3test/shift.vhd 2004/07/16.13:04:32
FL E:/proj3/project3test/one_bus.vhd 2004/07/16.12:15:44
FL E:/proj3/project3test/OF_detect.vhd 2004/07/16.12:29:24
AR work/MEMORYWRITE/BEHAVIORAL FL E:/proj3/project3test1/memorywrite.vhd \
      EN work/MEMORYWRITE
FL E:/proj3/project3test1/sram512kleft16bit50mhzreadreq-sv05.vhd 2001/02/16.13:29:12
AR work/PCTOSRAMINTERFACE/PCTOSRAMINTERFACE_ARCH \
      FL E:/proj3/project3test1/pctosraminterface-sv06.vhd \
      EN work/PCTOSRAMINTERFACE
FL E:/proj3/project3test/CtrlUnit.vhd 2004/07/28.15:19:49
FL E:/proj3/project3test1/memorymultiplexor-sv01.vhd 2001/01/25.11:15:00
AR work/ONE_BUS/BEHAVIORAL FL E:/proj3/project3test/one_bus.vhd EN work/ONE_BUS
EN work/ZEROBUS         FL E:/proj3/project3test/zeroBus.vhd \
      PB ieee/STD_LOGIC_1164 PB ieee/STD_LOGIC_ARITH PB ieee/STD_LOGIC_UNSIGNED
AR work/MEMORYMODULE/BEHAVIORAL FL E:/proj3/project3test1/memaccess.vhd \
      EN work/MEMORYMODULE CP MEMORYREAD  CP MEMORYWRITE \
      CP SRAMINTERFACEWITHPPORT
EN work/OBUF16_MXILINX  FL E:/proj3/project3test1/project2.vhf \
      PB ieee/STD_LOGIC_1164 PB ieee/NUMERIC_STD PH unisim/VCOMPONENTS
FL E:/proj3/project3test/add.vhf 2004/07/28.15:01:58
EN work/ONE_BUS         FL E:/proj3/project3test/one_bus.vhd \
      PB ieee/STD_LOGIC_1164 PB ieee/STD_LOGIC_ARITH PB ieee/STD_LOGIC_UNSIGNED
EN work/OF_ENABLE       FL E:/proj3/project3test/OF_enable.vhd \
      PB ieee/STD_LOGIC_1164 PB ieee/STD_LOGIC_ARITH PB ieee/STD_LOGIC_UNSIGNED
EN work/INV16_MXILINX   FL E:/proj3/project3test/add.vhf PB ieee/STD_LOGIC_1164 \
      PB ieee/NUMERIC_STD PH unisim/VCOMPONENTS
AR work/IBUF8_MXILINX/SCHEMATIC FL E:/proj3/project3test1/project2.vhf \
      EN work/IBUF8_MXILINX CP IBUF
EN work/CONTROL_UNIT    FL E:/proj3/project3test/control_module.vhd \
      PB ieee/STD_LOGIC_1164 PB ieee/STD_LOGIC_ARITH PB ieee/STD_LOGIC_UNSIGNED
FL E:/proj3/project3test1/sraminterfacewithpport-sv01.vhd 2002/04/27.12:06:34
EN work/MEMORYWRITE     FL E:/proj3/project3test1/memorywrite.vhd \
      PB ieee/STD_LOGIC_1164 PB ieee/STD_LOGIC_ARITH PB ieee/STD_LOGIC_UNSIGNED
AR work/OF_DETECT/BEHAVIORAL FL E:/proj3/project3test/OF_detect.vhd \
      EN work/OF_DETECT
AR work/OBUF16_MXILINX/SCHEMATIC FL E:/proj3/project3test1/project2.vhf \
      EN work/OBUF16_MXILINX CP OBUF
AR work/OBUF4_MXILINX/SCHEMATIC FL E:/proj3/project3test1/project2.vhf \
      EN work/OBUF4_MXILINX CP OBUF
AR work/CTRLUNIT/BEHAVIORAL FL E:/proj3/project3test1/CtrlUnit.vhd \
      EN work/CTRLUNIT
AR work/ZEROBUS/BEHAVIORAL FL E:/proj3/project3test/zeroBus.vhd EN work/ZEROBUS
FL E:/proj3/project3test1/pctosraminterface-sv06.vhd 2002/04/27.10:54:22
EN work/MEMORYMODULE    FL E:/proj3/project3test1/memaccess.vhd \
      PB ieee/STD_LOGIC_1164 PB ieee/STD_LOGIC_ARITH PB ieee/STD_LOGIC_UNSIGNED
EN work/MEMORYMULTIPLEXOR FL E:/proj3/project3test1/memorymultiplexor-sv01.vhd \
      PB ieee/STD_LOGIC_1164 PB ieee/STD_LOGIC_UNSIGNED
AR work/D3_8E_MXILINX/SCHEMATIC FL E:/proj3/project3test1/regfile.vhf \
      EN work/D3_8E_MXILINX CP AND4       CP AND4B1         CP AND4B2         CP AND4B3
AR work/SRAMINTERFACEWITHPPORT/SRAMINTERFACEWITHPPORT_ARCH \
      FL E:/proj3/project3test1/sraminterfacewithpport-sv01.vhd \
      EN work/SRAMINTERFACEWITHPPORT CP PCTOSRAMINTERFACE CP MEMORYMULTIPLEXOR \
      CP SRAMINTERFACE
AR work/MEMORYREAD/BEHAVIORAL FL E:/proj3/project3test1/memoryread.vhd \
      EN work/MEMORYREAD
AR work/ZERO_DETECT/BEHAVIORAL FL E:/proj3/project3test/zero_detect.vhd \
      EN work/ZERO_DETECT
AR work/MEMORYMULTIPLEXOR/MEMORYMULTIPLEXOR_ARCH \
      FL E:/proj3/project3test1/memorymultiplexor-sv01.vhd \
      EN work/MEMORYMULTIPLEXOR
AR work/PROJECT2/SCHEMATIC FL E:/proj3/project3test1/project2.vhf \
      EN work/PROJECT2  CP BUFG           CP CTRLUNIT       CP GND            CP IBUF \
      CP IBUF8_MXILINX  CP MEMORYMODULE   CP OBUF           CP OBUF16_MXILINX \
      CP OBUF4_MXILINX  CP REGFILE
EN work/FD16CE_MXILINX  FL E:/proj3/project3test1/regfile.vhf \
      PB ieee/STD_LOGIC_1164 PB ieee/NUMERIC_STD PH unisim/VCOMPONENTS
EN work/ZERO_DETECT     FL E:/proj3/project3test/zero_detect.vhd \
      PB ieee/STD_LOGIC_1164 PB ieee/STD_LOGIC_ARITH PB ieee/STD_LOGIC_UNSIGNED
FL E:/proj3/project3test1/CtrlUnit.vhd 2004/07/29.10:17:26
EN work/MEMORYREAD      FL E:/proj3/project3test1/memoryread.vhd \
      PB ieee/STD_LOGIC_1164 PB ieee/STD_LOGIC_ARITH PB ieee/STD_LOGIC_UNSIGNED
AR work/NEGATIVE_DETECT/BEHAVIORAL FL E:/proj3/project3test/negative_detect.vhd \
      EN work/NEGATIVE_DETECT
FL E:/proj3/project3test1/regfile.vhf 2004/07/28.15:02:00
FL E:/proj3/project3test/control_module.vhd 2004/07/16.11:24:31
EN work/OBUF4_MXILINX   FL E:/proj3/project3test1/project2.vhf \
      PB ieee/STD_LOGIC_1164 PB ieee/NUMERIC_STD PH unisim/VCOMPONENTS
AR work/OF_ENABLE/BEHAVIORAL FL E:/proj3/project3test/OF_enable.vhd \
      EN work/OF_ENABLE
FL E:/proj3/project3test/zeroBus.vhd 2004/07/15.19:47:12
FL E:/proj3/project3test1/memorywrite.vhd 2004/07/16.13:36:28
AR work/LOGICAL/BEHAVIORAL FL E:/proj3/project3test/logical.vhd EN work/LOGICAL
FL E:/proj3/project3test/pctosraminterface-sv06.vhd 2002/04/27.10:54:22
AR work/INV16_MXILINX/SCHEMATIC FL E:/proj3/project3test/add.vhf \
      EN work/INV16_MXILINX CP INV
FL E:/proj3/project3test1/memaccess.vhd 2004/07/24.16:01:46
FL E:/proj3/project3test1/project2.vhf 2004/07/29.10:17:39
FL E:/proj3/project3test/memorywrite.vhd 2004/07/16.13:36:28
AR work/SRAMINTERFACE/SRAMINTERFACE_ARCH \
      FL E:/proj3/project3test1/sram512kleft16bit50mhzreadreq-sv05.vhd \
      EN work/SRAMINTERFACE
FL E:/proj3/project3test/zero_detect.vhd 2004/07/16.12:43:27
EN work/OF_DETECT       FL E:/proj3/project3test/OF_detect.vhd \
      PB ieee/STD_LOGIC_1164 PB ieee/STD_LOGIC_ARITH PB ieee/STD_LOGIC_UNSIGNED
EN work/ADSU16_MXILINX  FL E:/proj3/project3test/add.vhf PB ieee/STD_LOGIC_1164 \
      PB ieee/NUMERIC_STD PH unisim/VCOMPONENTS
FL E:/proj3/project3test1/memoryread.vhd 2004/07/24.16:01:30
AR work/SHIFT/BEHAVIORAL FL E:/proj3/project3test/shift.vhd EN work/SHIFT
FL E:/proj3/project3test/logical.vhd 2004/07/16.11:22:07
AR work/FD16CE_MXILINX/SCHEMATIC FL E:/proj3/project3test1/regfile.vhf \
      EN work/FD16CE_MXILINX CP FDCE
FL E:/proj3/project3test/regfile.vhf 2004/07/28.15:02:00
EN work/PROJECT2        FL E:/proj3/project3test1/project2.vhf \
      PB ieee/STD_LOGIC_1164 PB ieee/NUMERIC_STD PH unisim/VCOMPONENTS
FL E:/proj3/project3test/sraminterfacewithpport-sv01.vhd 2002/04/27.12:06:34
FL E:/proj3/project3test/OF_enable.vhd 2004/07/16.11:25:20
EN work/IBUF8_MXILINX   FL E:/proj3/project3test1/project2.vhf \
      PB ieee/STD_LOGIC_1164 PB ieee/NUMERIC_STD PH unisim/VCOMPONENTS
EN work/LOGICAL         FL E:/proj3/project3test/logical.vhd \
      PB ieee/STD_LOGIC_1164 PB ieee/STD_LOGIC_ARITH PB ieee/STD_LOGIC_UNSIGNED
FL E:/proj3/project3test/sram512kleft16bit50mhzreadreq-sv05.vhd 2001/02/16.12:29:12
EN work/ALU             FL E:/proj3/project3test/alu.vhf PB ieee/STD_LOGIC_1164 \
      PB ieee/NUMERIC_STD PH unisim/VCOMPONENTS
FL E:/proj3/project3test/memaccess.vhd 2004/07/24.16:01:46
FL E:/proj3/project3test/memorymultiplexor-sv01.vhd 2001/01/25.10:15:00
EN work/SHIFT           FL E:/proj3/project3test/shift.vhd PB ieee/STD_LOGIC_1164 \
      PB ieee/STD_LOGIC_ARITH PB ieee/STD_LOGIC_UNSIGNED
EN work/REGFILE         FL E:/proj3/project3test1/regfile.vhf \
      PB ieee/STD_LOGIC_1164 PB ieee/NUMERIC_STD PH unisim/VCOMPONENTS
FL E:/proj3/project3test/alu.vhf 2004/07/28.15:01:59
EN work/D3_8E_MXILINX   FL E:/proj3/project3test1/regfile.vhf \
      PB ieee/STD_LOGIC_1164 PB ieee/NUMERIC_STD PH unisim/VCOMPONENTS
FL E:/proj3/project3test/negative_detect.vhd 2004/07/20.11:47:36
