V1 127
AR work/REGFILE/SCHEMATIC FL E:/proj3/project3test2/regfile.vhf EN work/REGFILE \
      CP AND2           CP BUXMUX16       CP D3_8E_MXILINX  CP FD16CE_MXILINX \
      CP GND
EN work/NEGATIVE_DETECT FL E:/proj3/project3test2/negative_detect.vhd \
      PB ieee/STD_LOGIC_1164 PB ieee/STD_LOGIC_ARITH PB ieee/STD_LOGIC_UNSIGNED
FL E:/proj3/project3test2/alu.vhf 2004/08/01.14:34:45
AR work/ADD/SCHEMATIC   FL E:/proj3/project3test2/add.vhf EN work/ADD \
      CP ADSU16_MXILINX CP AND4           CP INV            CP INV16_MXILINX \
      CP MUX2_16BITS    CP MUX4_16BITS_NEW CP NEGATIVE_DETECT CP OF_DETECT \
      CP ONE_BUS        CP OR2            CP XOR2           CP ZEROBUS
FL E:/proj3/project3test2/sram512kleft16bit50mhzreadreq-sv05.vhd 2001/02/16.13:29:12
AR work/ADSU16_MXILINX/SCHEMATIC FL E:/proj3/project3test2/add.vhf \
      EN work/ADSU16_MXILINX CP FMAP      CP INV            CP MUXCY          CP MUXCY_D \
      CP MUXCY_L        CP XOR2           CP XOR3           CP XORCY
FL E:/proj3/project3test2/ctrlunit.vhd 2004/08/06.11:03:20
AR work/CONTROL_UNIT/BEHAVIORAL FL E:/proj3/project3test2/control_module.vhd \
      EN work/CONTROL_UNIT
EN work/CTRLUNIT        FL E:/proj3/project3test2/ctrlunit.vhd \
      PB ieee/STD_LOGIC_1164 PB ieee/STD_LOGIC_ARITH PB ieee/STD_LOGIC_UNSIGNED
EN work/SRAMINTERFACEWITHPPORT \
      FL E:/proj3/project3test2/sraminterfacewithpport-sv01.vhd \
      PB ieee/STD_LOGIC_1164
EN work/SRAMINTERFACE \
      FL E:/proj3/project3test2/sram512kleft16bit50mhzreadreq-sv05.vhd \
      PB ieee/STD_LOGIC_1164
EN work/PCTOSRAMINTERFACE FL E:/proj3/project3test2/pctosraminterface-sv06.vhd \
      PB ieee/STD_LOGIC_1164 PB ieee/STD_LOGIC_UNSIGNED
AR work/ALU/SCHEMATIC   FL E:/proj3/project3test2/alu.vhf EN work/ALU CP ADD \
      CP AND2           CP CONTROL_UNIT   CP LOGICAL        CP MUX_FOUR \
      CP OF_ENABLE      CP OR2            CP SHIFT          CP ZERO_DETECT
FL E:/proj3/project3test2/pctosraminterface-sv06.vhd 2002/04/27.10:54:22
EN work/ADD             FL E:/proj3/project3test2/add.vhf PB ieee/STD_LOGIC_1164 \
      PB ieee/NUMERIC_STD PH unisim/VCOMPONENTS
AR work/MEMORYWRITE/BEHAVIORAL FL E:/proj3/project3test2/memorywrite.vhd \
      EN work/MEMORYWRITE
FL E:/proj3/project3test2/memorywrite.vhd 2004/07/16.13:36:28
AR work/PCTOSRAMINTERFACE/PCTOSRAMINTERFACE_ARCH \
      FL E:/proj3/project3test2/pctosraminterface-sv06.vhd \
      EN work/PCTOSRAMINTERFACE
FL E:/proj3/project3test2/OF_detect.vhd 2004/07/16.12:29:24
FL E:/proj3/project3test2/project2.vhf 2004/08/06.11:03:57
AR work/MEMORYMODULE/BEHAVIORAL FL E:/proj3/project3test2/memaccess.vhd \
      EN work/MEMORYMODULE CP MEMORYREAD  CP MEMORYWRITE \
      CP SRAMINTERFACEWITHPPORT
AR work/ONE_BUS/BEHAVIORAL FL E:/proj3/project3test2/one_bus.vhd EN work/ONE_BUS
EN work/ZEROBUS         FL E:/proj3/project3test2/zeroBus.vhd \
      PB ieee/STD_LOGIC_1164 PB ieee/STD_LOGIC_ARITH PB ieee/STD_LOGIC_UNSIGNED
EN work/OBUF16_MXILINX  FL E:/proj3/project3test2/project2.vhf \
      PB ieee/STD_LOGIC_1164 PB ieee/NUMERIC_STD PH unisim/VCOMPONENTS
FL E:/proj3/project3test2/logical.vhd 2004/07/16.11:22:07
FL E:/proj3/project3test2/memaccess.vhd 2004/07/24.16:01:46
FL E:/proj3/project3test2/control_module.vhd 2004/07/16.11:24:31
EN work/ONE_BUS         FL E:/proj3/project3test2/one_bus.vhd \
      PB ieee/STD_LOGIC_1164 PB ieee/STD_LOGIC_ARITH PB ieee/STD_LOGIC_UNSIGNED
EN work/OF_ENABLE       FL E:/proj3/project3test2/OF_enable.vhd \
      PB ieee/STD_LOGIC_1164 PB ieee/STD_LOGIC_ARITH PB ieee/STD_LOGIC_UNSIGNED
EN work/INV16_MXILINX   FL E:/proj3/project3test2/add.vhf PB ieee/STD_LOGIC_1164 \
      PB ieee/NUMERIC_STD PH unisim/VCOMPONENTS
FL E:/proj3/project3test2/sraminterfacewithpport-sv01.vhd 2002/04/27.12:06:34
AR work/IBUF8_MXILINX/SCHEMATIC FL E:/proj3/project3test2/project2.vhf \
      EN work/IBUF8_MXILINX CP IBUF
FL E:/proj3/project3test2/add.vhf 2004/07/29.14:07:48
EN work/CONTROL_UNIT    FL E:/proj3/project3test2/control_module.vhd \
      PB ieee/STD_LOGIC_1164 PB ieee/STD_LOGIC_ARITH PB ieee/STD_LOGIC_UNSIGNED
EN work/MEMORYWRITE     FL E:/proj3/project3test2/memorywrite.vhd \
      PB ieee/STD_LOGIC_1164 PB ieee/STD_LOGIC_ARITH PB ieee/STD_LOGIC_UNSIGNED
AR work/OF_DETECT/BEHAVIORAL FL E:/proj3/project3test2/OF_detect.vhd \
      EN work/OF_DETECT
FL E:/proj3/project3test2/zeroBus.vhd 2004/07/15.19:47:12
AR work/OBUF16_MXILINX/SCHEMATIC FL E:/proj3/project3test2/project2.vhf \
      EN work/OBUF16_MXILINX CP OBUF
AR work/OBUF4_MXILINX/SCHEMATIC FL E:/proj3/project3test2/project2.vhf \
      EN work/OBUF4_MXILINX CP OBUF
AR work/CTRLUNIT/BEHAVIORAL FL E:/proj3/project3test2/ctrlunit.vhd \
      EN work/CTRLUNIT
AR work/ZEROBUS/BEHAVIORAL FL E:/proj3/project3test2/zeroBus.vhd EN work/ZEROBUS
EN work/MEMORYMODULE    FL E:/proj3/project3test2/memaccess.vhd \
      PB ieee/STD_LOGIC_1164 PB ieee/STD_LOGIC_ARITH PB ieee/STD_LOGIC_UNSIGNED
EN work/MEMORYMULTIPLEXOR FL E:/proj3/project3test2/memorymultiplexor-sv01.vhd \
      PB ieee/STD_LOGIC_1164 PB ieee/STD_LOGIC_UNSIGNED
AR work/D3_8E_MXILINX/SCHEMATIC FL E:/proj3/project3test2/regfile.vhf \
      EN work/D3_8E_MXILINX CP AND4       CP AND4B1         CP AND4B2         CP AND4B3
AR work/SRAMINTERFACEWITHPPORT/SRAMINTERFACEWITHPPORT_ARCH \
      FL E:/proj3/project3test2/sraminterfacewithpport-sv01.vhd \
      EN work/SRAMINTERFACEWITHPPORT CP PCTOSRAMINTERFACE CP MEMORYMULTIPLEXOR \
      CP SRAMINTERFACE
AR work/MEMORYREAD/BEHAVIORAL FL E:/proj3/project3test2/memoryread.vhd \
      EN work/MEMORYREAD
AR work/MEMORYMULTIPLEXOR/MEMORYMULTIPLEXOR_ARCH \
      FL E:/proj3/project3test2/memorymultiplexor-sv01.vhd \
      EN work/MEMORYMULTIPLEXOR
FL E:/proj3/project3test2/memoryread.vhd 2004/07/24.16:01:30
FL E:/proj3/project3test2/zero_detect.vhd 2004/07/16.12:43:27
AR work/ZERO_DETECT/BEHAVIORAL FL E:/proj3/project3test2/zero_detect.vhd \
      EN work/ZERO_DETECT
EN work/FD16CE_MXILINX  FL E:/proj3/project3test2/regfile.vhf \
      PB ieee/STD_LOGIC_1164 PB ieee/NUMERIC_STD PH unisim/VCOMPONENTS
AR work/PROJECT2/SCHEMATIC FL E:/proj3/project3test2/project2.vhf \
      EN work/PROJECT2  CP ALU            CP BUFG           CP CTRLUNIT \
      CP FD16CE_MXILINX CP IBUF           CP IBUF8_MXILINX  CP INV \
      CP MEMORYMODULE   CP OBUF           CP OBUF16_MXILINX CP OBUF4_MXILINX \
      CP REGFILE
EN work/ZERO_DETECT     FL E:/proj3/project3test2/zero_detect.vhd \
      PB ieee/STD_LOGIC_1164 PB ieee/STD_LOGIC_ARITH PB ieee/STD_LOGIC_UNSIGNED
EN work/MEMORYREAD      FL E:/proj3/project3test2/memoryread.vhd \
      PB ieee/STD_LOGIC_1164 PB ieee/STD_LOGIC_ARITH PB ieee/STD_LOGIC_UNSIGNED
AR work/NEGATIVE_DETECT/BEHAVIORAL FL E:/proj3/project3test2/negative_detect.vhd \
      EN work/NEGATIVE_DETECT
EN work/OBUF4_MXILINX   FL E:/proj3/project3test2/project2.vhf \
      PB ieee/STD_LOGIC_1164 PB ieee/NUMERIC_STD PH unisim/VCOMPONENTS
AR work/OF_ENABLE/BEHAVIORAL FL E:/proj3/project3test2/OF_enable.vhd \
      EN work/OF_ENABLE
AR work/LOGICAL/BEHAVIORAL FL E:/proj3/project3test2/logical.vhd EN work/LOGICAL
AR work/INV16_MXILINX/SCHEMATIC FL E:/proj3/project3test2/add.vhf \
      EN work/INV16_MXILINX CP INV
FL E:/proj3/project3test2/memorymultiplexor-sv01.vhd 2001/01/25.11:15:00
AR work/SRAMINTERFACE/SRAMINTERFACE_ARCH \
      FL E:/proj3/project3test2/sram512kleft16bit50mhzreadreq-sv05.vhd \
      EN work/SRAMINTERFACE
EN work/OF_DETECT       FL E:/proj3/project3test2/OF_detect.vhd \
      PB ieee/STD_LOGIC_1164 PB ieee/STD_LOGIC_ARITH PB ieee/STD_LOGIC_UNSIGNED
EN work/ADSU16_MXILINX  FL E:/proj3/project3test2/add.vhf PB ieee/STD_LOGIC_1164 \
      PB ieee/NUMERIC_STD PH unisim/VCOMPONENTS
AR work/SHIFT/BEHAVIORAL FL E:/proj3/project3test2/shift.vhd EN work/SHIFT
FL E:/proj3/project3test2/one_bus.vhd 2004/07/16.12:15:44
AR work/FD16CE_MXILINX/SCHEMATIC FL E:/proj3/project3test2/regfile.vhf \
      EN work/FD16CE_MXILINX CP FDCE
EN work/PROJECT2        FL E:/proj3/project3test2/project2.vhf \
      PB ieee/STD_LOGIC_1164 PB ieee/NUMERIC_STD PH unisim/VCOMPONENTS
FL E:/proj3/project3test2/negative_detect.vhd 2004/07/20.11:47:36
EN work/IBUF8_MXILINX   FL E:/proj3/project3test2/project2.vhf \
      PB ieee/STD_LOGIC_1164 PB ieee/NUMERIC_STD PH unisim/VCOMPONENTS
FL E:/proj3/project3test2/shift.vhd 2004/08/01.14:33:54
EN work/LOGICAL         FL E:/proj3/project3test2/logical.vhd \
      PB ieee/STD_LOGIC_1164 PB ieee/STD_LOGIC_ARITH PB ieee/STD_LOGIC_UNSIGNED
EN work/ALU             FL E:/proj3/project3test2/alu.vhf PB ieee/STD_LOGIC_1164 \
      PB ieee/NUMERIC_STD PH unisim/VCOMPONENTS
FL E:/proj3/project3test2/OF_enable.vhd 2004/07/16.11:25:20
EN work/SHIFT           FL E:/proj3/project3test2/shift.vhd \
      PB ieee/STD_LOGIC_1164 PB ieee/STD_LOGIC_ARITH PB ieee/STD_LOGIC_UNSIGNED
EN work/D3_8E_MXILINX   FL E:/proj3/project3test2/regfile.vhf \
      PB ieee/STD_LOGIC_1164 PB ieee/NUMERIC_STD PH unisim/VCOMPONENTS
EN work/REGFILE         FL E:/proj3/project3test2/regfile.vhf \
      PB ieee/STD_LOGIC_1164 PB ieee/NUMERIC_STD PH unisim/VCOMPONENTS
FL E:/proj3/project3test2/regfile.vhf 2004/07/29.14:07:50
