	Pctosraminterface	NULL	E:/proj3/project3test2/pctosraminterface-sv06.vhd	sub00/vhpl00
	Pctosraminterface	Pctosraminterface_arch	E:/proj3/project3test2/pctosraminterface-sv06.vhd	sub00/vhpl01
	Memorymultiplexor	NULL	E:/proj3/project3test2/memorymultiplexor-sv01.vhd	sub00/vhpl02
	Memorymultiplexor	Memorymultiplexor_arch	E:/proj3/project3test2/memorymultiplexor-sv01.vhd	sub00/vhpl03
	Sraminterface	NULL	E:/proj3/project3test2/sram512kleft16bit50mhzreadreq-sv05.vhd	sub00/vhpl04
	Sraminterface	Sraminterface_arch	E:/proj3/project3test2/sram512kleft16bit50mhzreadreq-sv05.vhd	sub00/vhpl05
	Negative_detect	NULL	E:/proj3/project3test2/negative_detect.vhd	sub00/vhpl06
	Negative_detect	Behavioral	E:/proj3/project3test2/negative_detect.vhd	sub00/vhpl07
	Of_detect	NULL	E:/proj3/project3test2/OF_detect.vhd	sub00/vhpl08
	Of_detect	Behavioral	E:/proj3/project3test2/OF_detect.vhd	sub00/vhpl09
	One_bus	NULL	E:/proj3/project3test2/one_bus.vhd	sub00/vhpl10
	One_bus	Behavioral	E:/proj3/project3test2/one_bus.vhd	sub00/vhpl11
	Zerobus	NULL	E:/proj3/project3test2/zeroBus.vhd	sub00/vhpl12
	Zerobus	Behavioral	E:/proj3/project3test2/zeroBus.vhd	sub00/vhpl13
	Memoryread	NULL	E:/proj3/project3test2/memoryread.vhd	sub00/vhpl14
	Memoryread	Behavioral	E:/proj3/project3test2/memoryread.vhd	sub00/vhpl15
	Memorywrite	NULL	E:/proj3/project3test2/memorywrite.vhd	sub00/vhpl16
	Memorywrite	Behavioral	E:/proj3/project3test2/memorywrite.vhd	sub00/vhpl17
	Sraminterfacewithpport	NULL	E:/proj3/project3test2/sraminterfacewithpport-sv01.vhd	sub00/vhpl18
	Sraminterfacewithpport	Sraminterfacewithpport_arch	E:/proj3/project3test2/sraminterfacewithpport-sv01.vhd	sub00/vhpl19
	Adsu16_mxilinx	NULL	E:/proj3/project3test2/add.vhf	sub00/vhpl20
	Adsu16_mxilinx	Schematic	E:/proj3/project3test2/add.vhf	sub00/vhpl21
	Inv16_mxilinx	NULL	E:/proj3/project3test2/add.vhf	sub00/vhpl22
	Inv16_mxilinx	Schematic	E:/proj3/project3test2/add.vhf	sub00/vhpl23
	Add	NULL	E:/proj3/project3test2/add.vhf	sub00/vhpl24
	Add	Schematic	E:/proj3/project3test2/add.vhf	sub00/vhpl25
	Control_unit	NULL	E:/proj3/project3test2/control_module.vhd	sub00/vhpl26
	Control_unit	Behavioral	E:/proj3/project3test2/control_module.vhd	sub00/vhpl27
	Logical	NULL	E:/proj3/project3test2/logical.vhd	sub00/vhpl28
	Logical	Behavioral	E:/proj3/project3test2/logical.vhd	sub00/vhpl29
	Of_enable	NULL	E:/proj3/project3test2/OF_enable.vhd	sub00/vhpl30
	Of_enable	Behavioral	E:/proj3/project3test2/OF_enable.vhd	sub00/vhpl31
	Shift	NULL	E:/proj3/project3test2/shift.vhd	sub00/vhpl32
	Shift	Behavioral	E:/proj3/project3test2/shift.vhd	sub00/vhpl33
	Zero_detect	NULL	E:/proj3/project3test2/zero_detect.vhd	sub00/vhpl34
	Zero_detect	Behavioral	E:/proj3/project3test2/zero_detect.vhd	sub00/vhpl35
	Alu	NULL	E:/proj3/project3test2/alu.vhf	sub00/vhpl36
	Alu	Schematic	E:/proj3/project3test2/alu.vhf	sub00/vhpl37
	Ctrlunit	NULL	E:/proj3/project3test2/ctrlunit.vhd	sub00/vhpl38
	Ctrlunit	Behavioral	E:/proj3/project3test2/ctrlunit.vhd	sub00/vhpl39
	Memorymodule	NULL	E:/proj3/project3test2/memaccess.vhd	sub00/vhpl40
	Memorymodule	Behavioral	E:/proj3/project3test2/memaccess.vhd	sub00/vhpl41
	D3_8e_mxilinx	NULL	E:/proj3/project3test2/regfile.vhf	sub00/vhpl42
	D3_8e_mxilinx	Schematic	E:/proj3/project3test2/regfile.vhf	sub00/vhpl43
	Fd16ce_mxilinx	NULL	E:/proj3/project3test2/project2.vhf	sub00/vhpl44
	Fd16ce_mxilinx	Schematic	E:/proj3/project3test2/project2.vhf	sub00/vhpl45
	Regfile	NULL	E:/proj3/project3test2/regfile.vhf	sub00/vhpl46
	Regfile	Schematic	E:/proj3/project3test2/regfile.vhf	sub00/vhpl47
	ibuf8_mxilinx	NULL	E:/proj3/project3test2/project2.vhf	sub00/vhpl48
	ibuf8_mxilinx	schematic	E:/proj3/project3test2/project2.vhf	sub00/vhpl49
	obuf16_mxilinx	NULL	E:/proj3/project3test2/project2.vhf	sub00/vhpl50
	obuf16_mxilinx	schematic	E:/proj3/project3test2/project2.vhf	sub00/vhpl51
	obuf4_mxilinx	NULL	E:/proj3/project3test2/project2.vhf	sub00/vhpl52
	obuf4_mxilinx	schematic	E:/proj3/project3test2/project2.vhf	sub00/vhpl53
	project2	NULL	E:/proj3/project3test2/project2.vhf	sub00/vhpl54
	project2	schematic	E:/proj3/project3test2/project2.vhf	sub00/vhpl55
