V1 41
FL E:/proj2/Proj2Memory/test/memorywrite.vhd 2004/07/16.13:36:28
AR work/SIMTEST/BEHAVIORAL FL E:/proj2/Proj2Memory/test/simtest.vhd \
      EN work/SIMTEST
EN work/SRAMINTERFACEWITHPPORT \
      FL E:/proj2/Proj2Memory/test/sraminterfacewithpport-sv01.vhd \
      PB ieee/STD_LOGIC_1164
EN work/SRAMINTERFACE \
      FL E:/proj2/Proj2Memory/test/sram512kleft16bit50mhzreadreq-sv05.vhd \
      PB ieee/STD_LOGIC_1164
EN work/OBUF16_MXILINX  FL E:/proj2/Proj2Memory/test/test.vhf \
      PB ieee/STD_LOGIC_1164 PB ieee/NUMERIC_STD PH unisim/VCOMPONENTS
FL E:/proj2/Proj2Memory/test/memoryread.vhd 2004/07/16.13:37:18
EN work/MEMORYREAD      FL E:/proj2/Proj2Memory/test/memoryread.vhd \
      PB ieee/STD_LOGIC_1164 PB ieee/STD_LOGIC_ARITH PB ieee/STD_LOGIC_UNSIGNED
AR work/MEMORYREAD/BEHAVIORAL FL E:/proj2/Proj2Memory/test/memoryread.vhd \
      EN work/MEMORYREAD
AR work/OBUF16_MXILINX/SCHEMATIC FL E:/proj2/Proj2Memory/test/test.vhf \
      EN work/OBUF16_MXILINX CP OBUF
AR work/SRAMINTERFACEWITHPPORT/SRAMINTERFACEWITHPPORT_ARCH \
      FL E:/proj2/Proj2Memory/test/sraminterfacewithpport-sv01.vhd \
      EN work/SRAMINTERFACEWITHPPORT CP PCTOSRAMINTERFACE CP MEMORYMULTIPLEXOR \
      CP SRAMINTERFACE
FL E:/proj2/Proj2Memory/test/pctosraminterface-sv06.vhd 2002/04/27.10:54:22
AR work/MEMORYMODULE/BEHAVIORAL FL E:/proj2/Proj2Memory/test/memaccess.vhd \
      EN work/MEMORYMODULE CP MEMORYREAD  CP MEMORYWRITE \
      CP SRAMINTERFACEWITHPPORT
EN work/MEMORYWRITE     FL E:/proj2/Proj2Memory/test/memorywrite.vhd \
      PB ieee/STD_LOGIC_1164 PB ieee/STD_LOGIC_ARITH PB ieee/STD_LOGIC_UNSIGNED
FL E:/proj2/Proj2Memory/test/memaccess.vhd 2004/07/15.13:14:54
AR work/TEST/SCHEMATIC  FL E:/proj2/Proj2Memory/test/test.vhf EN work/TEST \
      CP BUFG           CP IBUF           CP MEMORYMODULE   CP OBUF \
      CP OBUF16_MXILINX CP SIMTEST
EN work/SIMTEST         FL E:/proj2/Proj2Memory/test/simtest.vhd \
      PB ieee/STD_LOGIC_1164 PB ieee/STD_LOGIC_ARITH PB ieee/STD_LOGIC_UNSIGNED
FL E:/proj2/Proj2Memory/test/sram512kleft16bit50mhzreadreq-sv05.vhd 2001/02/16.13:29:12
AR work/PCTOSRAMINTERFACE/PCTOSRAMINTERFACE_ARCH \
      FL E:/proj2/Proj2Memory/test/pctosraminterface-sv06.vhd \
      EN work/PCTOSRAMINTERFACE
AR work/MEMORYMULTIPLEXOR/MEMORYMULTIPLEXOR_ARCH \
      FL E:/proj2/Proj2Memory/test/memorymultiplexor-sv01.vhd \
      EN work/MEMORYMULTIPLEXOR
EN work/MEMORYMODULE    FL E:/proj2/Proj2Memory/test/memaccess.vhd \
      PB ieee/STD_LOGIC_1164 PB ieee/STD_LOGIC_ARITH PB ieee/STD_LOGIC_UNSIGNED
FL E:/proj2/Proj2Memory/test/simtest.vhd 2004/07/24.14:12:38
EN work/MEMORYMULTIPLEXOR FL E:/proj2/Proj2Memory/test/memorymultiplexor-sv01.vhd \
      PB ieee/STD_LOGIC_1164 PB ieee/STD_LOGIC_UNSIGNED
FL E:/proj2/Proj2Memory/test/sraminterfacewithpport-sv01.vhd 2002/04/27.12:06:34
FL E:/proj2/Proj2Memory/test/test.vhf 2004/07/24.14:12:54
EN work/TEST            FL E:/proj2/Proj2Memory/test/test.vhf \
      PB ieee/STD_LOGIC_1164 PB ieee/NUMERIC_STD PH unisim/VCOMPONENTS
AR work/SRAMINTERFACE/SRAMINTERFACE_ARCH \
      FL E:/proj2/Proj2Memory/test/sram512kleft16bit50mhzreadreq-sv05.vhd \
      EN work/SRAMINTERFACE
FL E:/proj2/Proj2Memory/test/memorymultiplexor-sv01.vhd 2001/01/25.11:15:00
AR work/MEMORYWRITE/BEHAVIORAL FL E:/proj2/Proj2Memory/test/memorywrite.vhd \
      EN work/MEMORYWRITE
EN work/PCTOSRAMINTERFACE FL E:/proj2/Proj2Memory/test/pctosraminterface-sv06.vhd \
      PB ieee/STD_LOGIC_1164 PB ieee/STD_LOGIC_UNSIGNED
