	simtest	NULL	E:/proj2/Proj2Memory/test/simtest.vhd	sub00/vhpl00
	simtest	behavioral	E:/proj2/Proj2Memory/test/simtest.vhd	sub00/vhpl01
	Pctosraminterface	NULL	E:/proj2/Proj2Memory/test/pctosraminterface-sv06.vhd	sub00/vhpl02
	Pctosraminterface	Pctosraminterface_arch	E:/proj2/Proj2Memory/test/pctosraminterface-sv06.vhd	sub00/vhpl03
	Memorymultiplexor	NULL	E:/proj2/Proj2Memory/test/memorymultiplexor-sv01.vhd	sub00/vhpl04
	Memorymultiplexor	Memorymultiplexor_arch	E:/proj2/Proj2Memory/test/memorymultiplexor-sv01.vhd	sub00/vhpl05
	Sraminterface	NULL	E:/proj2/Proj2Memory/test/sram512kleft16bit50mhzreadreq-sv05.vhd	sub00/vhpl06
	Sraminterface	Sraminterface_arch	E:/proj2/Proj2Memory/test/sram512kleft16bit50mhzreadreq-sv05.vhd	sub00/vhpl07
	Memoryread	NULL	E:/proj2/Proj2Memory/test/memoryread.vhd	sub00/vhpl08
	Memoryread	Behavioral	E:/proj2/Proj2Memory/test/memoryread.vhd	sub00/vhpl09
	Memorywrite	NULL	E:/proj2/Proj2Memory/test/memorywrite.vhd	sub00/vhpl10
	Memorywrite	Behavioral	E:/proj2/Proj2Memory/test/memorywrite.vhd	sub00/vhpl11
	Sraminterfacewithpport	NULL	E:/proj2/Proj2Memory/test/sraminterfacewithpport-sv01.vhd	sub00/vhpl12
	Sraminterfacewithpport	Sraminterfacewithpport_arch	E:/proj2/Proj2Memory/test/sraminterfacewithpport-sv01.vhd	sub00/vhpl13
	Memorymodule	NULL	E:/proj2/Proj2Memory/test/memaccess.vhd	sub00/vhpl14
	Memorymodule	Behavioral	E:/proj2/Proj2Memory/test/memaccess.vhd	sub00/vhpl15
	obuf16_mxilinx	NULL	E:/proj2/Proj2Memory/test/test.vhf	sub00/vhpl16
	obuf16_mxilinx	schematic	E:/proj2/Proj2Memory/test/test.vhf	sub00/vhpl17
	obuf8_mxilinx	NULL	E:/proj2/Proj2Memory/test/test.vhf	sub00/vhpl18
	obuf8_mxilinx	schematic	E:/proj2/Proj2Memory/test/test.vhf	sub00/vhpl19
	test	NULL	E:/proj2/Proj2Memory/test/test.vhf	sub00/vhpl20
	test	schematic	E:/proj2/Proj2Memory/test/test.vhf	sub00/vhpl21
	ibuf8_mxilinx	NULL	E:/proj2/Proj2Memory/test/test.vhf	sub00/vhpl22
	ibuf8_mxilinx	schematic	E:/proj2/Proj2Memory/test/test.vhf	sub00/vhpl23
